[INFO] Scanning for projects...
[INFO] 
[INFO] -------------------------< com.dinero:control >-------------------------
[INFO] Building control-dinero 0.0.1-SNAPSHOT
[INFO]   from pom.xml
[INFO] --------------------------------[ jar ]---------------------------------
[INFO] 
[INFO] >>> spring-boot:3.2.4:run (default-cli) > test-compile @ control >>>
[INFO] 
[INFO] --- resources:3.3.1:resources (default-resources) @ control ---
[INFO] Copying 1 resource from src\main\resources to target\classes
[INFO] Copying 0 resource from src\main\resources to target\classes
[INFO] 
[INFO] --- compiler:3.11.0:compile (default-compile) @ control ---
[INFO] Nothing to compile - all classes are up to date
[INFO] 
[INFO] --- resources:3.3.1:testResources (default-testResources) @ control ---
[INFO] skip non existing resourceDirectory C:\Users\mguer\Documents\SoftwareDinero\backend\src\test\resources
[INFO] 
[INFO] --- compiler:3.11.0:testCompile (default-testCompile) @ control ---
[INFO] No sources to compile
[INFO] 
[INFO] <<< spring-boot:3.2.4:run (default-cli) < test-compile @ control <<<
[INFO] 
[INFO] 
[INFO] --- spring-boot:3.2.4:run (default-cli) @ control ---
[INFO] Attaching agents: []

  .   ____          _            __ _ _
 /\\ / ___'_ __ _ _(_)_ __  __ _ \ \ \ \
( ( )\___ | '_ | '_| | '_ \/ _` | \ \ \ \
 \\/  ___)| |_)| | | | | || (_| |  ) ) ) )
  '  |____| .__|_| |_|_| |_\__, | / / / /
 =========|_|==============|___/=/_/_/_/
 :: Spring Boot ::                (v3.2.4)

2026-03-27T18:00:59.133-05:00  INFO 1860 --- [           main] c.d.control.ControlDineroApplication     : Starting ControlDineroApplication using Java 25.0.2 with PID 1860 (C:\Users\mguer\Documents\SoftwareDinero\backend\target\classes started by mguer in C:\Users\mguer\Documents\SoftwareDinero\backend)
2026-03-27T18:00:59.144-05:00  INFO 1860 --- [           main] c.d.control.ControlDineroApplication     : No active profile set, falling back to 1 default profile: "default"
2026-03-27T18:01:00.436-05:00  INFO 1860 --- [           main] .s.d.r.c.RepositoryConfigurationDelegate : Bootstrapping Spring Data JPA repositories in DEFAULT mode.
2026-03-27T18:01:00.565-05:00  INFO 1860 --- [           main] .s.d.r.c.RepositoryConfigurationDelegate : Finished Spring Data repository scanning in 107 ms. Found 4 JPA repository interfaces.
WARNING: A restricted method in java.lang.System has been called
WARNING: java.lang.System::load has been called by org.apache.tomcat.jni.Library in an unnamed module (file:/C:/Users/mguer/.m2/repository/org/apache/tomcat/embed/tomcat-embed-core/10.1.19/tomcat-embed-core-10.1.19.jar)
WARNING: Use --enable-native-access=ALL-UNNAMED to avoid a warning for callers in this module
WARNING: Restricted methods will be blocked in a future release unless native access is enabled

2026-03-27T18:01:01.714-05:00  INFO 1860 --- [           main] o.s.b.w.embedded.tomcat.TomcatWebServer  : Tomcat initialized with port 8080 (http)
2026-03-27T18:01:01.745-05:00  INFO 1860 --- [           main] o.apache.catalina.core.StandardService   : Starting service [Tomcat]
2026-03-27T18:01:01.746-05:00  INFO 1860 --- [           main] o.apache.catalina.core.StandardEngine    : Starting Servlet engine: [Apache Tomcat/10.1.19]
2026-03-27T18:01:01.863-05:00  INFO 1860 --- [           main] o.a.c.c.C.[Tomcat].[localhost].[/]       : Initializing Spring embedded WebApplicationContext
2026-03-27T18:01:01.870-05:00  INFO 1860 --- [           main] w.s.c.ServletWebServerApplicationContext : Root WebApplicationContext: initialization completed in 2623 ms
2026-03-27T18:01:02.161-05:00  INFO 1860 --- [           main] o.hibernate.jpa.internal.util.LogHelper  : HHH000204: Processing PersistenceUnitInfo [name: default]
2026-03-27T18:01:02.264-05:00  INFO 1860 --- [           main] org.hibernate.Version                    : HHH000412: Hibernate ORM core version 6.4.4.Final
2026-03-27T18:01:02.331-05:00  INFO 1860 --- [           main] o.h.c.internal.RegionFactoryInitiator    : HHH000026: Second-level cache disabled
2026-03-27T18:01:02.829-05:00  INFO 1860 --- [           main] o.s.o.j.p.SpringPersistenceUnitInfo      : No LoadTimeWeaver setup: ignoring JPA class transformer
2026-03-27T18:01:02.882-05:00  INFO 1860 --- [           main] com.zaxxer.hikari.HikariDataSource       : HikariPool-1 - Starting...
2026-03-27T18:01:03.210-05:00  INFO 1860 --- [           main] com.zaxxer.hikari.pool.HikariPool        : HikariPool-1 - Added connection com.mysql.cj.jdbc.ConnectionImpl@591f6f83
2026-03-27T18:01:03.221-05:00  INFO 1860 --- [           main] com.zaxxer.hikari.HikariDataSource       : HikariPool-1 - Start completed.
2026-03-27T18:01:03.358-05:00  WARN 1860 --- [           main] org.hibernate.orm.deprecation            : HHH90000025: MySQLDialect does not need to be specified explicitly using 'hibernate.dialect' (remove the property setting and it will be selected by default)
2026-03-27T18:01:05.997-05:00  INFO 1860 --- [           main] o.h.e.t.j.p.i.JtaPlatformInitiator       : HHH000489: No JTA platform available (set 'hibernate.transaction.jta.platform' to enable JTA platform integration)
2026-03-27T18:01:06.209-05:00  INFO 1860 --- [           main] j.LocalContainerEntityManagerFactoryBean : Initialized JPA EntityManagerFactory for persistence unit 'default'
2026-03-27T18:01:07.173-05:00  INFO 1860 --- [           main] o.s.d.j.r.query.QueryEnhancerFactory     : Hibernate is in classpath; If applicable, HQL parser will be used.
2026-03-27T18:01:07.945-05:00  WARN 1860 --- [           main] JpaBaseConfiguration$JpaWebConfiguration : spring.jpa.open-in-view is enabled by default. Therefore, database queries may be performed during view rendering. Explicitly configure spring.jpa.open-in-view to disable this warning
2026-03-27T18:01:08.023-05:00  WARN 1860 --- [           main] .s.s.UserDetailsServiceAutoConfiguration : 

Using generated security password: fc6f5c47-fc56-48a6-8406-b9ffef32f32d

This generated password is for development use only. Your security configuration must be updated before running your application in production.

2026-03-27T18:01:08.613-05:00  INFO 1860 --- [           main] o.s.s.web.DefaultSecurityFilterChain     : Will secure any request with [org.springframework.security.web.session.DisableEncodeUrlFilter@2df79942, org.springframework.security.web.context.request.async.WebAsyncManagerIntegrationFilter@7ee0dbd1, org.springframework.security.web.context.SecurityContextHolderFilter@45bb502f, org.springframework.security.web.header.HeaderWriterFilter@828e2d8, org.springframework.web.filter.CorsFilter@67629872, org.springframework.security.web.authentication.logout.LogoutFilter@3a3f1703, org.springframework.security.web.savedrequest.RequestCacheAwareFilter@7e34e466, org.springframework.security.web.servletapi.SecurityContextHolderAwareRequestFilter@2a8eed58, org.springframework.security.web.authentication.AnonymousAuthenticationFilter@5d04adc1, org.springframework.security.web.session.SessionManagementFilter@1a44ad96, org.springframework.security.web.access.ExceptionTranslationFilter@791dcda7, org.springframework.security.web.access.intercept.AuthorizationFilter@18d963be]
2026-03-27T18:01:09.234-05:00  WARN 1860 --- [           main] ConfigServletWebServerApplicationContext : Exception encountered during context initialization - cancelling refresh attempt: org.springframework.context.ApplicationContextException: Failed to start bean 'webServerStartStop'
2026-03-27T18:01:09.241-05:00  INFO 1860 --- [           main] j.LocalContainerEntityManagerFactoryBean : Closing JPA EntityManagerFactory for persistence unit 'default'
2026-03-27T18:01:09.245-05:00  INFO 1860 --- [           main] com.zaxxer.hikari.HikariDataSource       : HikariPool-1 - Shutdown initiated...
2026-03-27T18:01:09.262-05:00  INFO 1860 --- [           main] com.zaxxer.hikari.HikariDataSource       : HikariPool-1 - Shutdown completed.
2026-03-27T18:01:09.300-05:00  INFO 1860 --- [           main] .s.b.a.l.ConditionEvaluationReportLogger : 

Error starting ApplicationContext. To display the condition evaluation report re-run your application with 'debug' enabled.
2026-03-27T18:01:09.345-05:00 ERROR 1860 --- [           main] o.s.b.d.LoggingFailureAnalysisReporter   : 

***************************
APPLICATION FAILED TO START
***************************

Description:

Web server failed to start. Port 8080 was already in use.

Action:

Identify and stop the process that's listening on port 8080 or configure this application to listen on another port.

[INFO] ------------------------------------------------------------------------
[INFO] BUILD FAILURE
[INFO] ------------------------------------------------------------------------
[INFO] Total time:  17.538 s
[INFO] Finished at: 2026-03-27T18:01:09-05:00
[INFO] ------------------------------------------------------------------------
[ERROR] Failed to execute goal org.springframework.boot:spring-boot-maven-plugin:3.2.4:run (default-cli) on project control: Process terminated with exit code: 1 -> [Help 1]
[ERROR] 
[ERROR] To see the full stack trace of the errors, re-run Maven with the -e switch.
[ERROR] Re-run Maven using the -X switch to enable full debug logging.
[ERROR] 
[ERROR] For more information about the errors and possible solutions, please read the following articles:
[ERROR] [Help 1] http://cwiki.apache.org/confluence/display/MAVEN/MojoExecutionException
